2024-12-19 16:19:03,416 [INFO  ] [MyLogger.java:97] - mtf.dm.cms.hhs.gov.utilities.MyLogger:startTestCase 16==>  Execution Started : 
2024-12-19 16:19:03,442 [INFO  ] [MyLogger.java:97] - mtf.dm.cms.hhs.gov.cucumber.Hooks:setup 13==>  Starting the test...
2024-12-19 16:19:03,535 [DEBUG ] [PackageRelationshipCollection.java:309] - Parsing relationship: /xl/_rels/workbook.xml.rels
2024-12-19 16:19:03,538 [DEBUG ] [PackageRelationshipCollection.java:309] - Parsing relationship: /xl/worksheets/_rels/sheet1.xml.rels
2024-12-19 16:19:03,542 [DEBUG ] [PackageRelationshipCollection.java:309] - Parsing relationship: /xl/worksheets/_rels/sheet6.xml.rels
2024-12-19 16:19:03,543 [DEBUG ] [PackageRelationshipCollection.java:309] - Parsing relationship: /_rels/.rels
2024-12-19 16:19:03,660 [TRACE ] [SchemaTypeSystemImpl.java:196] - Loading type system org.apache.poi.schemas.ooxml.system.ooxml
2024-12-19 16:19:03,663 [TRACE ] [SchemaTypeSystemImpl.java:196] - Loading type system org.apache.xmlbeans.metadata.system.sXMLCONFIG
2024-12-19 16:19:03,665 [TRACE ] [SchemaTypeSystemImpl.java:196] - Loading type system org.apache.xmlbeans.metadata.system.sXMLLANG
2024-12-19 16:19:03,666 [TRACE ] [SchemaTypeSystemImpl.java:196] - Loading type system org.apache.xmlbeans.metadata.system.sXMLSCHEMA
2024-12-19 16:19:03,667 [TRACE ] [SchemaTypeSystemImpl.java:196] - Loading type system org.apache.xmlbeans.metadata.system.sXMLTOOLS
2024-12-19 16:19:03,668 [TRACE ] [SchemaTypeSystemImpl.java:231] - Reading unresolved handles for type system org.apache.xmlbeans.metadata.system.sXMLTOOLS
2024-12-19 16:19:03,679 [TRACE ] [SchemaTypeSystemImpl.java:206] - Finished loading type system org.apache.xmlbeans.metadata.system.sXMLTOOLS
2024-12-19 16:19:03,682 [TRACE ] [SchemaTypeSystemImpl.java:231] - Reading unresolved handles for type system org.apache.xmlbeans.metadata.system.sXMLSCHEMA
2024-12-19 16:19:03,686 [TRACE ] [SchemaTypeSystemImpl.java:206] - Finished loading type system org.apache.xmlbeans.metadata.system.sXMLSCHEMA
2024-12-19 16:19:03,688 [TRACE ] [SchemaTypeSystemImpl.java:231] - Reading unresolved handles for type system org.apache.xmlbeans.metadata.system.sXMLLANG
2024-12-19 16:19:03,689 [TRACE ] [SchemaTypeSystemImpl.java:206] - Finished loading type system org.apache.xmlbeans.metadata.system.sXMLLANG
2024-12-19 16:19:03,690 [TRACE ] [SchemaTypeSystemImpl.java:231] - Reading unresolved handles for type system org.apache.xmlbeans.metadata.system.sXMLCONFIG
2024-12-19 16:19:03,691 [TRACE ] [SchemaTypeSystemImpl.java:206] - Finished loading type system org.apache.xmlbeans.metadata.system.sXMLCONFIG
2024-12-19 16:19:03,692 [TRACE ] [SchemaTypeSystemImpl.java:231] - Reading unresolved handles for type system org.apache.poi.schemas.ooxml.system.ooxml
2024-12-19 16:19:03,736 [TRACE ] [SchemaTypeSystemImpl.java:206] - Finished loading type system org.apache.poi.schemas.ooxml.system.ooxml
2024-12-19 16:19:03,737 [TRACE ] [SchemaTypeSystemImpl.java:935] - Resolving type for handle sstf81fdoctype
2024-12-19 16:19:03,762 [TRACE ] [SchemaTypeSystemImpl.java:935] - Resolving type for handle ctsst44f3type
2024-12-19 16:19:03,767 [TRACE ] [SchemaTypeSystemImpl.java:935] - Resolving type for handle ctrsta472type
2024-12-19 16:19:03,783 [TRACE ] [SchemaTypeSystemImpl.java:935] - Resolving type for handle themefd26doctype
2024-12-19 16:19:03,790 [TRACE ] [SchemaTypeSystemImpl.java:935] - Resolving type for handle stylesheet5d8bdoctype
2024-12-19 16:19:03,795 [TRACE ] [SchemaTypeSystemImpl.java:935] - Resolving type for handle ctstylesheet4257type
2024-12-19 16:19:03,797 [TRACE ] [SchemaTypeSystemImpl.java:935] - Resolving type for handle ctfonts6623type
2024-12-19 16:19:03,798 [TRACE ] [SchemaTypeSystemImpl.java:935] - Resolving type for handle ctfont14d8type
2024-12-19 16:19:03,801 [TRACE ] [SchemaTypeSystemImpl.java:935] - Resolving type for handle ctfills2c6ftype
2024-12-19 16:19:03,802 [TRACE ] [SchemaTypeSystemImpl.java:935] - Resolving type for handle ctfill550ctype
2024-12-19 16:19:03,803 [TRACE ] [SchemaTypeSystemImpl.java:935] - Resolving type for handle ctborders0d66type
2024-12-19 16:19:03,805 [TRACE ] [SchemaTypeSystemImpl.java:935] - Resolving type for handle ctborderf935type
2024-12-19 16:19:03,806 [TRACE ] [SchemaTypeSystemImpl.java:935] - Resolving type for handle ctcellxfs1322type
2024-12-19 16:19:03,807 [TRACE ] [SchemaTypeSystemImpl.java:935] - Resolving type for handle ctxf97f7type
2024-12-19 16:19:03,809 [TRACE ] [SchemaTypeSystemImpl.java:935] - Resolving type for handle ctcellstylexfsa81ftype
2024-12-19 16:19:03,810 [TRACE ] [SchemaTypeSystemImpl.java:935] - Resolving type for handle ctdxfsb26atype
2024-12-19 16:19:03,811 [TRACE ] [SchemaTypeSystemImpl.java:935] - Resolving type for handle cttablestyles872ftype
2024-12-19 16:19:03,812 [DEBUG ] [POIXMLFactory.java:65] - using default POIXMLDocumentPart for http://schemas.openxmlformats.org/officeDocument/2006/relationships/printerSettings
2024-12-19 16:19:03,812 [DEBUG ] [POIXMLFactory.java:65] - using default POIXMLDocumentPart for http://schemas.openxmlformats.org/officeDocument/2006/relationships/printerSettings
2024-12-19 16:19:03,813 [TRACE ] [SchemaTypeSystemImpl.java:935] - Resolving type for handle workbookec17doctype
2024-12-19 16:19:03,816 [TRACE ] [SchemaTypeSystemImpl.java:935] - Resolving type for handle ctworkbook83c3type
2024-12-19 16:19:03,821 [TRACE ] [SchemaTypeSystemImpl.java:935] - Resolving type for handle ctsheets49fdtype
2024-12-19 16:19:03,824 [TRACE ] [SchemaTypeSystemImpl.java:935] - Resolving type for handle ctsheet4dbetype
2024-12-19 16:19:03,826 [TRACE ] [SchemaTypeSystemImpl.java:935] - Resolving type for handle strelationshipid1e94type
2024-12-19 16:19:03,830 [TRACE ] [SchemaTypeSystemImpl.java:935] - Resolving type for handle worksheetf539doctype
2024-12-19 16:19:03,834 [TRACE ] [SchemaTypeSystemImpl.java:935] - Resolving type for handle ctworksheet530dtype
2024-12-19 16:19:03,839 [TRACE ] [SchemaTypeSystemImpl.java:935] - Resolving type for handle ctsheetdata8408type
2024-12-19 16:19:03,840 [TRACE ] [SchemaTypeSystemImpl.java:935] - Resolving type for handle ctrowdd39type
2024-12-19 16:19:03,844 [TRACE ] [SchemaTypeSystemImpl.java:935] - Resolving type for handle ctcell842btype
2024-12-19 16:19:03,847 [TRACE ] [SchemaTypeSystemImpl.java:935] - Resolving type for handle stcellrefe4e0type
2024-12-19 16:19:03,852 [TRACE ] [SchemaTypeSystemImpl.java:935] - Resolving type for handle ctcols627ctype
2024-12-19 16:19:03,857 [TRACE ] [SchemaTypeSystemImpl.java:935] - Resolving type for handle ctcola95ftype
2024-12-19 16:19:03,883 [TRACE ] [SchemaTypeSystemImpl.java:935] - Resolving type for handle stxstringf179type
2024-12-19 16:19:03,888 [TRACE ] [SchemaTypeSystemImpl.java:935] - Resolving type for handle stcelltypebf95type
2024-12-19 16:19:03,892 [INFO  ] [MyLogger.java:97] - mtf.dm.cms.hhs.gov.utilities.ExcelUtils:getDataBasedOnTestCaseAndCallType 85==>  {"name":"UserNamePatchUpdatedA","job":"ManagerPatchUpdated"}
2024-12-19 16:19:05,314 [INFO  ] [MyLogger.java:97] - mtf.dm.cms.hhs.gov.cucumber.CommonStep:verifyResponseValuesWithDatatable 145==>  Verifying status code {200} and message {2024}
2024-12-19 16:19:05,974 [INFO  ] [MyLogger.java:97] - mtf.dm.cms.hhs.gov.cucumber.CommonStep:verifyResponseValuesWithDatatable 151==>  Validation completed successfully for status code {200} and message {2024}
2024-12-19 16:19:05,976 [INFO  ] [MyLogger.java:97] - mtf.dm.cms.hhs.gov.cucumber.Hooks:tearDown 18==>  Test execution completed.
2024-12-19 16:19:05,987 [INFO  ] [MyLogger.java:97] - mtf.dm.cms.hhs.gov.utilities.MyLogger:startTestCase 16==>  Execution Started : 
2024-12-19 16:19:05,987 [INFO  ] [MyLogger.java:97] - mtf.dm.cms.hhs.gov.cucumber.Hooks:setup 13==>  Starting the test...
2024-12-19 16:19:05,997 [DEBUG ] [PackageRelationshipCollection.java:309] - Parsing relationship: /xl/_rels/workbook.xml.rels
2024-12-19 16:19:05,999 [DEBUG ] [PackageRelationshipCollection.java:309] - Parsing relationship: /xl/worksheets/_rels/sheet1.xml.rels
2024-12-19 16:19:06,001 [DEBUG ] [PackageRelationshipCollection.java:309] - Parsing relationship: /xl/worksheets/_rels/sheet6.xml.rels
2024-12-19 16:19:06,001 [DEBUG ] [PackageRelationshipCollection.java:309] - Parsing relationship: /_rels/.rels
2024-12-19 16:19:06,015 [DEBUG ] [POIXMLFactory.java:65] - using default POIXMLDocumentPart for http://schemas.openxmlformats.org/officeDocument/2006/relationships/printerSettings
2024-12-19 16:19:06,016 [DEBUG ] [POIXMLFactory.java:65] - using default POIXMLDocumentPart for http://schemas.openxmlformats.org/officeDocument/2006/relationships/printerSettings
2024-12-19 16:19:06,042 [INFO  ] [MyLogger.java:97] - mtf.dm.cms.hhs.gov.utilities.ExcelUtils:getDataBasedOnTestCaseAndCallType 85==>  {"name":"UserNamePatchUpdatedB"}
2024-12-19 16:19:06,313 [INFO  ] [MyLogger.java:97] - mtf.dm.cms.hhs.gov.cucumber.CommonStep:verifyResponseValuesWithDatatable 145==>  Verifying status code {200} and message {2024}
2024-12-19 16:19:06,313 [INFO  ] [MyLogger.java:97] - mtf.dm.cms.hhs.gov.cucumber.CommonStep:verifyResponseValuesWithDatatable 151==>  Validation completed successfully for status code {200} and message {2024}
2024-12-19 16:19:06,314 [INFO  ] [MyLogger.java:97] - mtf.dm.cms.hhs.gov.cucumber.Hooks:tearDown 18==>  Test execution completed.
2024-12-19 16:19:06,320 [INFO  ] [MyLogger.java:97] - mtf.dm.cms.hhs.gov.utilities.MyLogger:startTestCase 16==>  Execution Started : 
2024-12-19 16:19:06,320 [INFO  ] [MyLogger.java:97] - mtf.dm.cms.hhs.gov.cucumber.Hooks:setup 13==>  Starting the test...
2024-12-19 16:19:06,327 [DEBUG ] [PackageRelationshipCollection.java:309] - Parsing relationship: /xl/_rels/workbook.xml.rels
2024-12-19 16:19:06,328 [DEBUG ] [PackageRelationshipCollection.java:309] - Parsing relationship: /xl/worksheets/_rels/sheet1.xml.rels
2024-12-19 16:19:06,329 [DEBUG ] [PackageRelationshipCollection.java:309] - Parsing relationship: /xl/worksheets/_rels/sheet6.xml.rels
2024-12-19 16:19:06,330 [DEBUG ] [PackageRelationshipCollection.java:309] - Parsing relationship: /_rels/.rels
2024-12-19 16:19:06,340 [DEBUG ] [POIXMLFactory.java:65] - using default POIXMLDocumentPart for http://schemas.openxmlformats.org/officeDocument/2006/relationships/printerSettings
2024-12-19 16:19:06,341 [DEBUG ] [POIXMLFactory.java:65] - using default POIXMLDocumentPart for http://schemas.openxmlformats.org/officeDocument/2006/relationships/printerSettings
2024-12-19 16:19:06,357 [INFO  ] [MyLogger.java:97] - mtf.dm.cms.hhs.gov.utilities.ExcelUtils:getDataBasedOnTestCaseAndCallType 85==>  {"job":"accounts payable Patch Updated"}
2024-12-19 16:19:06,583 [INFO  ] [MyLogger.java:97] - mtf.dm.cms.hhs.gov.cucumber.CommonStep:verifyResponseValuesWithDatatable 145==>  Verifying status code {200} and message {2024}
2024-12-19 16:19:06,584 [INFO  ] [MyLogger.java:97] - mtf.dm.cms.hhs.gov.cucumber.CommonStep:verifyResponseValuesWithDatatable 151==>  Validation completed successfully for status code {200} and message {2024}
2024-12-19 16:19:06,584 [INFO  ] [MyLogger.java:97] - mtf.dm.cms.hhs.gov.cucumber.Hooks:tearDown 18==>  Test execution completed.
