2024-12-19 16:17:00,877 [INFO  ] [MyLogger.java:97] - mtf.dm.cms.hhs.gov.utilities.MyLogger:startTestCase 16==>  Execution Started : 
2024-12-19 16:17:00,899 [INFO  ] [MyLogger.java:97] - mtf.dm.cms.hhs.gov.cucumber.Hooks:setup 13==>  Starting the test...
2024-12-19 16:17:01,021 [DEBUG ] [PackageRelationshipCollection.java:309] - Parsing relationship: /xl/_rels/workbook.xml.rels
2024-12-19 16:17:01,026 [DEBUG ] [PackageRelationshipCollection.java:309] - Parsing relationship: /xl/worksheets/_rels/sheet1.xml.rels
2024-12-19 16:17:01,028 [DEBUG ] [PackageRelationshipCollection.java:309] - Parsing relationship: /xl/worksheets/_rels/sheet6.xml.rels
2024-12-19 16:17:01,030 [DEBUG ] [PackageRelationshipCollection.java:309] - Parsing relationship: /_rels/.rels
2024-12-19 16:17:01,191 [TRACE ] [SchemaTypeSystemImpl.java:196] - Loading type system org.apache.poi.schemas.ooxml.system.ooxml
2024-12-19 16:17:01,194 [TRACE ] [SchemaTypeSystemImpl.java:196] - Loading type system org.apache.xmlbeans.metadata.system.sXMLCONFIG
2024-12-19 16:17:01,197 [TRACE ] [SchemaTypeSystemImpl.java:196] - Loading type system org.apache.xmlbeans.metadata.system.sXMLLANG
2024-12-19 16:17:01,198 [TRACE ] [SchemaTypeSystemImpl.java:196] - Loading type system org.apache.xmlbeans.metadata.system.sXMLSCHEMA
2024-12-19 16:17:01,199 [TRACE ] [SchemaTypeSystemImpl.java:196] - Loading type system org.apache.xmlbeans.metadata.system.sXMLTOOLS
2024-12-19 16:17:01,203 [TRACE ] [SchemaTypeSystemImpl.java:231] - Reading unresolved handles for type system org.apache.xmlbeans.metadata.system.sXMLTOOLS
2024-12-19 16:17:01,224 [TRACE ] [SchemaTypeSystemImpl.java:206] - Finished loading type system org.apache.xmlbeans.metadata.system.sXMLTOOLS
2024-12-19 16:17:01,227 [TRACE ] [SchemaTypeSystemImpl.java:231] - Reading unresolved handles for type system org.apache.xmlbeans.metadata.system.sXMLSCHEMA
2024-12-19 16:17:01,232 [TRACE ] [SchemaTypeSystemImpl.java:206] - Finished loading type system org.apache.xmlbeans.metadata.system.sXMLSCHEMA
2024-12-19 16:17:01,234 [TRACE ] [SchemaTypeSystemImpl.java:231] - Reading unresolved handles for type system org.apache.xmlbeans.metadata.system.sXMLLANG
2024-12-19 16:17:01,235 [TRACE ] [SchemaTypeSystemImpl.java:206] - Finished loading type system org.apache.xmlbeans.metadata.system.sXMLLANG
2024-12-19 16:17:01,237 [TRACE ] [SchemaTypeSystemImpl.java:231] - Reading unresolved handles for type system org.apache.xmlbeans.metadata.system.sXMLCONFIG
2024-12-19 16:17:01,239 [TRACE ] [SchemaTypeSystemImpl.java:206] - Finished loading type system org.apache.xmlbeans.metadata.system.sXMLCONFIG
2024-12-19 16:17:01,240 [TRACE ] [SchemaTypeSystemImpl.java:231] - Reading unresolved handles for type system org.apache.poi.schemas.ooxml.system.ooxml
2024-12-19 16:17:01,344 [TRACE ] [SchemaTypeSystemImpl.java:206] - Finished loading type system org.apache.poi.schemas.ooxml.system.ooxml
2024-12-19 16:17:01,345 [TRACE ] [SchemaTypeSystemImpl.java:935] - Resolving type for handle sstf81fdoctype
2024-12-19 16:17:01,372 [TRACE ] [SchemaTypeSystemImpl.java:935] - Resolving type for handle ctsst44f3type
2024-12-19 16:17:01,380 [TRACE ] [SchemaTypeSystemImpl.java:935] - Resolving type for handle ctrsta472type
2024-12-19 16:17:01,393 [TRACE ] [SchemaTypeSystemImpl.java:935] - Resolving type for handle themefd26doctype
2024-12-19 16:17:01,401 [TRACE ] [SchemaTypeSystemImpl.java:935] - Resolving type for handle stylesheet5d8bdoctype
2024-12-19 16:17:01,405 [TRACE ] [SchemaTypeSystemImpl.java:935] - Resolving type for handle ctstylesheet4257type
2024-12-19 16:17:01,407 [TRACE ] [SchemaTypeSystemImpl.java:935] - Resolving type for handle ctfonts6623type
2024-12-19 16:17:01,408 [TRACE ] [SchemaTypeSystemImpl.java:935] - Resolving type for handle ctfont14d8type
2024-12-19 16:17:01,413 [TRACE ] [SchemaTypeSystemImpl.java:935] - Resolving type for handle ctfills2c6ftype
2024-12-19 16:17:01,414 [TRACE ] [SchemaTypeSystemImpl.java:935] - Resolving type for handle ctfill550ctype
2024-12-19 16:17:01,415 [TRACE ] [SchemaTypeSystemImpl.java:935] - Resolving type for handle ctborders0d66type
2024-12-19 16:17:01,417 [TRACE ] [SchemaTypeSystemImpl.java:935] - Resolving type for handle ctborderf935type
2024-12-19 16:17:01,419 [TRACE ] [SchemaTypeSystemImpl.java:935] - Resolving type for handle ctcellxfs1322type
2024-12-19 16:17:01,421 [TRACE ] [SchemaTypeSystemImpl.java:935] - Resolving type for handle ctxf97f7type
2024-12-19 16:17:01,423 [TRACE ] [SchemaTypeSystemImpl.java:935] - Resolving type for handle ctcellstylexfsa81ftype
2024-12-19 16:17:01,424 [TRACE ] [SchemaTypeSystemImpl.java:935] - Resolving type for handle ctdxfsb26atype
2024-12-19 16:17:01,425 [TRACE ] [SchemaTypeSystemImpl.java:935] - Resolving type for handle cttablestyles872ftype
2024-12-19 16:17:01,427 [DEBUG ] [POIXMLFactory.java:65] - using default POIXMLDocumentPart for http://schemas.openxmlformats.org/officeDocument/2006/relationships/printerSettings
2024-12-19 16:17:01,427 [DEBUG ] [POIXMLFactory.java:65] - using default POIXMLDocumentPart for http://schemas.openxmlformats.org/officeDocument/2006/relationships/printerSettings
2024-12-19 16:17:01,428 [TRACE ] [SchemaTypeSystemImpl.java:935] - Resolving type for handle workbookec17doctype
2024-12-19 16:17:01,432 [TRACE ] [SchemaTypeSystemImpl.java:935] - Resolving type for handle ctworkbook83c3type
2024-12-19 16:17:01,438 [TRACE ] [SchemaTypeSystemImpl.java:935] - Resolving type for handle ctsheets49fdtype
2024-12-19 16:17:01,440 [TRACE ] [SchemaTypeSystemImpl.java:935] - Resolving type for handle ctsheet4dbetype
2024-12-19 16:17:01,443 [TRACE ] [SchemaTypeSystemImpl.java:935] - Resolving type for handle strelationshipid1e94type
2024-12-19 16:17:01,446 [TRACE ] [SchemaTypeSystemImpl.java:935] - Resolving type for handle worksheetf539doctype
2024-12-19 16:17:01,453 [TRACE ] [SchemaTypeSystemImpl.java:935] - Resolving type for handle ctworksheet530dtype
2024-12-19 16:17:01,459 [TRACE ] [SchemaTypeSystemImpl.java:935] - Resolving type for handle ctsheetdata8408type
2024-12-19 16:17:01,462 [TRACE ] [SchemaTypeSystemImpl.java:935] - Resolving type for handle ctrowdd39type
2024-12-19 16:17:01,467 [TRACE ] [SchemaTypeSystemImpl.java:935] - Resolving type for handle ctcell842btype
2024-12-19 16:17:01,472 [TRACE ] [SchemaTypeSystemImpl.java:935] - Resolving type for handle stcellrefe4e0type
2024-12-19 16:17:01,479 [TRACE ] [SchemaTypeSystemImpl.java:935] - Resolving type for handle ctcols627ctype
2024-12-19 16:17:01,485 [TRACE ] [SchemaTypeSystemImpl.java:935] - Resolving type for handle ctcola95ftype
2024-12-19 16:17:01,518 [TRACE ] [SchemaTypeSystemImpl.java:935] - Resolving type for handle stxstringf179type
2024-12-19 16:17:01,524 [TRACE ] [SchemaTypeSystemImpl.java:935] - Resolving type for handle stcelltypebf95type
2024-12-19 16:17:01,529 [INFO  ] [MyLogger.java:97] - mtf.dm.cms.hhs.gov.utilities.ExcelUtils:getDataBasedOnTestCaseAndCallType 85==>  {"name":"UserNamePatchUpdatedA","job":"ManagerPatchUpdated"}
2024-12-19 16:17:03,294 [INFO  ] [MyLogger.java:97] - mtf.dm.cms.hhs.gov.cucumber.CommonStep:verifyStatusCode 103==>  Verifying status code {200}
2024-12-19 16:17:03,331 [INFO  ] [MyLogger.java:97] - mtf.dm.cms.hhs.gov.cucumber.CommonStep:verifyStatusCode 109==>  Validation completed successfully for status code {200}
2024-12-19 16:17:03,332 [INFO  ] [MyLogger.java:97] - mtf.dm.cms.hhs.gov.cucumber.Hooks:tearDown 18==>  Test execution completed.
2024-12-19 16:17:03,339 [INFO  ] [MyLogger.java:97] - mtf.dm.cms.hhs.gov.utilities.MyLogger:startTestCase 16==>  Execution Started : 
2024-12-19 16:17:03,340 [INFO  ] [MyLogger.java:97] - mtf.dm.cms.hhs.gov.cucumber.Hooks:setup 13==>  Starting the test...
2024-12-19 16:17:03,348 [DEBUG ] [PackageRelationshipCollection.java:309] - Parsing relationship: /xl/_rels/workbook.xml.rels
2024-12-19 16:17:03,349 [DEBUG ] [PackageRelationshipCollection.java:309] - Parsing relationship: /xl/worksheets/_rels/sheet1.xml.rels
2024-12-19 16:17:03,350 [DEBUG ] [PackageRelationshipCollection.java:309] - Parsing relationship: /xl/worksheets/_rels/sheet6.xml.rels
2024-12-19 16:17:03,350 [DEBUG ] [PackageRelationshipCollection.java:309] - Parsing relationship: /_rels/.rels
2024-12-19 16:17:03,361 [DEBUG ] [POIXMLFactory.java:65] - using default POIXMLDocumentPart for http://schemas.openxmlformats.org/officeDocument/2006/relationships/printerSettings
2024-12-19 16:17:03,361 [DEBUG ] [POIXMLFactory.java:65] - using default POIXMLDocumentPart for http://schemas.openxmlformats.org/officeDocument/2006/relationships/printerSettings
2024-12-19 16:17:03,379 [INFO  ] [MyLogger.java:97] - mtf.dm.cms.hhs.gov.utilities.ExcelUtils:getDataBasedOnTestCaseAndCallType 85==>  {"name":"UserNamePatchUpdatedB"}
2024-12-19 16:17:03,595 [INFO  ] [MyLogger.java:97] - mtf.dm.cms.hhs.gov.cucumber.CommonStep:verifyStatusCode 103==>  Verifying status code {200}
2024-12-19 16:17:03,595 [INFO  ] [MyLogger.java:97] - mtf.dm.cms.hhs.gov.cucumber.CommonStep:verifyStatusCode 109==>  Validation completed successfully for status code {200}
2024-12-19 16:17:03,596 [INFO  ] [MyLogger.java:97] - mtf.dm.cms.hhs.gov.cucumber.Hooks:tearDown 18==>  Test execution completed.
2024-12-19 16:17:03,600 [INFO  ] [MyLogger.java:97] - mtf.dm.cms.hhs.gov.utilities.MyLogger:startTestCase 16==>  Execution Started : 
2024-12-19 16:17:03,600 [INFO  ] [MyLogger.java:97] - mtf.dm.cms.hhs.gov.cucumber.Hooks:setup 13==>  Starting the test...
2024-12-19 16:17:03,606 [DEBUG ] [PackageRelationshipCollection.java:309] - Parsing relationship: /xl/_rels/workbook.xml.rels
2024-12-19 16:17:03,607 [DEBUG ] [PackageRelationshipCollection.java:309] - Parsing relationship: /xl/worksheets/_rels/sheet1.xml.rels
2024-12-19 16:17:03,608 [DEBUG ] [PackageRelationshipCollection.java:309] - Parsing relationship: /xl/worksheets/_rels/sheet6.xml.rels
2024-12-19 16:17:03,609 [DEBUG ] [PackageRelationshipCollection.java:309] - Parsing relationship: /_rels/.rels
2024-12-19 16:17:03,616 [DEBUG ] [POIXMLFactory.java:65] - using default POIXMLDocumentPart for http://schemas.openxmlformats.org/officeDocument/2006/relationships/printerSettings
2024-12-19 16:17:03,617 [DEBUG ] [POIXMLFactory.java:65] - using default POIXMLDocumentPart for http://schemas.openxmlformats.org/officeDocument/2006/relationships/printerSettings
2024-12-19 16:17:03,634 [INFO  ] [MyLogger.java:97] - mtf.dm.cms.hhs.gov.utilities.ExcelUtils:getDataBasedOnTestCaseAndCallType 85==>  {"job":"accounts payable Patch Updated"}
2024-12-19 16:17:03,849 [INFO  ] [MyLogger.java:97] - mtf.dm.cms.hhs.gov.cucumber.CommonStep:verifyStatusCode 103==>  Verifying status code {200}
2024-12-19 16:17:03,849 [INFO  ] [MyLogger.java:97] - mtf.dm.cms.hhs.gov.cucumber.CommonStep:verifyStatusCode 109==>  Validation completed successfully for status code {200}
2024-12-19 16:17:03,850 [INFO  ] [MyLogger.java:97] - mtf.dm.cms.hhs.gov.cucumber.Hooks:tearDown 18==>  Test execution completed.
